// Vitest Snapshot v1, https://vitest.dev/guide/snapshot.html

exports[`Location card > Скриншотный тест компонента с переданными пропсами 1`] = `
<div>
  <div
    class="_layout_802c16 _sizes_802c16 _bg_802c16 _transitions_802c16 group"
    role="locationCardBackground"
    style="background-image: url(https://example.com/omsk.webp);"
  >
    <div
      class="_bg_459f4f _opacity_459f4f"
    />
    <div
      class="_layout_ecf88f"
    >
      <span
        class="_country_ecf88f"
      >
        Россия
      </span>
      <span
        class="_city_ecf88f"
      >
        Омск
      </span>
      <span
        class="_count_ecf88f"
      >
        52
        + экскурсий
      </span>
    </div>
  </div>
</div>
`;
