// Vitest Snapshot v1, https://vitest.dev/guide/snapshot.html

exports[`Locations list > Snapshot тест 1`] = `
<div>
  <section
    class="_container_5ca7a1"
  >
    <h2
      class="_heading_5ca7a1"
      role="heading"
    >
      Самые популярные направления
    </h2>
    <div
      class="_list_5ca7a1"
    >
      <div
        class="_layout_802c16 _sizes_802c16 _bg_802c16 _transitions_802c16 group"
        role="locationCardBackground"
        style="background-image: url(/src/shared/assets/tempData/assets/cardBg.png);"
      >
        <div
          class="_bg_459f4f _opacity_459f4f"
        />
        <div
          class="_layout_ecf88f"
        >
          <span
            class="_country_ecf88f"
          >
            Россия
          </span>
          <span
            class="_city_ecf88f"
          >
            Омск
          </span>
          <span
            class="_count_ecf88f"
          >
            100
            + экскурсий
          </span>
        </div>
      </div>
      <div
        class="_layout_802c16 _sizes_802c16 _bg_802c16 _transitions_802c16 group"
        role="locationCardBackground"
        style="background-image: url(/src/shared/assets/tempData/assets/cardBg2.png);"
      >
        <div
          class="_bg_459f4f _opacity_459f4f"
        />
        <div
          class="_layout_ecf88f"
        >
          <span
            class="_country_ecf88f"
          >
            Россия
          </span>
          <span
            class="_city_ecf88f"
          >
            Санкт-Петербург
          </span>
          <span
            class="_count_ecf88f"
          >
            200
            + экскурсий
          </span>
        </div>
      </div>
      <div
        class="_layout_802c16 _sizes_802c16 _bg_802c16 _transitions_802c16 group"
        role="locationCardBackground"
        style="background-image: url(/src/shared/assets/tempData/assets/cardBg3.png);"
      >
        <div
          class="_bg_459f4f _opacity_459f4f"
        />
        <div
          class="_layout_ecf88f"
        >
          <span
            class="_country_ecf88f"
          >
            Россия
          </span>
          <span
            class="_city_ecf88f"
          >
            Новосибирск
          </span>
          <span
            class="_count_ecf88f"
          >
            300
            + экскурсий
          </span>
        </div>
      </div>
      <div
        class="_layout_802c16 _sizes_802c16 _bg_802c16 _transitions_802c16 group"
        role="locationCardBackground"
        style="background-image: url(/src/shared/assets/tempData/assets/cardBg4.png);"
      >
        <div
          class="_bg_459f4f _opacity_459f4f"
        />
        <div
          class="_layout_ecf88f"
        >
          <span
            class="_country_ecf88f"
          >
            Россия
          </span>
          <span
            class="_city_ecf88f"
          >
            Москва
          </span>
          <span
            class="_count_ecf88f"
          >
            400
            + экскурсий
          </span>
        </div>
      </div>
    </div>
    <a
      href="/locations"
    >
      <button
        class="inline-flex items-center justify-center gap-2 whitespace-nowrap text-base transition-colors focus-visible:outline-none disabled:pointer-events-none disabled:opacity-50 [&_svg]:pointer-events-none [&_svg]:size-4 [&_svg]:shrink-0 border border-grayscale-400 bg-transparent text-grayscale-400 hover:border-grayscale-500 hover:text-grayscale-500 h-14 w-72 rounded-xl"
        role="button"
      >
        перейти к списку городов
      </button>
    </a>
  </section>
</div>
`;
