// Vitest Snapshot v1, https://vitest.dev/guide/snapshot.html

exports[`Pagination component > Snapshot тест 1`] = `
<div>
  <div
    class="flex flex-row gap-4"
  >
    <button
      class="items-center gap-2 whitespace-nowrap text-base transition-colors focus-visible:outline-none disabled:pointer-events-none disabled:opacity-50 [&_svg]:pointer-events-none [&_svg]:size-4 [&_svg]:shrink-0 bg-grayscale-300 text-grayscale-500 hover:opacity-90 flex justify-between h-12 px-10 rounded-xl"
    >
      Загрузить еще
    </button>
  </div>
</div>
`;
