// Vitest Snapshot v1, https://vitest.dev/guide/snapshot.html

exports[`Review header > Snapshot тест 1`] = `
<div>
  <div
    class="_container_4dcacb"
  >
    <div
      class="_heading_4dcacb"
    >
      44
       отзыва путешественников
    </div>
    <div
      class="flex flex-row gap-2"
    >
      <div
        class="flex items-center justify-center w-8 h-6 rounded-xl text-grayscale-0 text-sm bg-secondary-green"
      >
        4.5
      </div>
      <p
        class="text-grayscale-400 text-base"
      >
        На основе 
        44
         оценок
      </p>
    </div>
  </div>
</div>
`;

exports[`ReviewHeader Component > Snapshot тест 1`] = `
<div>
  <div
    class="_container_4dcacb"
  >
    <div
      class="_heading_4dcacb"
    >
      44
       отзыва путешественников
    </div>
    <div
      class="flex flex-row gap-2"
    >
      <div
        class="flex items-center justify-center w-8 h-6 rounded-xl text-grayscale-0 text-sm bg-secondary-green"
      >
        4.5
      </div>
      <p
        class="text-grayscale-400 text-base"
      >
        На основе 
        44
         оценок
      </p>
    </div>
  </div>
</div>
`;
